[2026-09-19 08:55:49,043] 11 __main__ -INFO -TRAINING PIPELINE STARTED....
[2026-09-19 08:55:49,043] 23 src.components.data_ingestion -INFO -Data Ingestion started....
[2026-09-19 08:55:49,063] 26 src.components.data_ingestion -INFO -Data read successfullywith shape: (100, 6)
[2026-09-19 08:55:49,101] 31 src.components.data_ingestion -INFO -Performing train-test-split
[2026-09-19 08:55:49,207] 37 src.components.data_ingestion -INFO -Data Ingestion completed successfully...
[2026-09-19 08:55:49,207] 38 src.components.data_ingestion -INFO -Jo log online class le rhe h , unko bhi congration , unka bhi data ingestion ho chuka h , leptop per apna hath rkh kr apne aap ko pawan kare.
[2026-09-19 08:55:49,207] 39 src.components.data_ingestion -INFO -----------
[2026-09-19 08:55:49,207] 40 src.components.data_ingestion -INFO -Jinka net nhi chl rha online me , unka bhi data ingestion complete
[2026-09-19 08:55:49,250] 61 src.components.data_transformation -INFO -Train and test data loaded for transformation
[2026-09-19 08:55:49,255] 51 src.components.data_transformation -INFO -preprocessor object created successfully...
[2026-09-19 08:55:49,261] 70 src.components.data_transformation -INFO -Applying preprocessing oon train and test data
[2026-09-19 08:55:49,300] 15 src.utils -INFO -Object saved successfully at : artifacts\preprocessor.pkl
[2026-09-19 08:55:49,300] 81 src.components.data_transformation -INFO -Preprcoessor bject saved as preprocessor.pkl
[2026-09-19 08:55:49,300] 23 src.components.model_trainer -INFO -Spliting train and test input data
[2026-09-19 08:55:49,399] 34 src.utils -INFO -LogisiticRegression -> Test Accuracy: 0.35
[2026-09-19 08:55:49,404] 34 src.utils -INFO -DecisionTree -> Test Accuracy: 0.35
[2026-09-19 08:55:49,464] 34 src.utils -INFO -RandomForest -> Test Accuracy: 0.35
[2026-09-19 08:55:49,472] 34 src.utils -INFO -KNeighboursClassifier -> Test Accuracy: 0.40
[2026-09-19 08:55:49,472] 43 src.components.model_trainer -INFO -Best Model saved as model.pkl ::: KNeighboursClassifier
[2026-09-19 08:55:49,475] 15 src.utils -INFO -Object saved successfully at : artifacts\model.pkl
[2026-09-19 08:55:49,476] 46 src.components.model_trainer -INFO -Best Model saved: KNeighboursClassifier
[2026-09-19 08:55:49,476] 25 __main__ -INFO -TRAINING PIPELINE COMPLETED | BEST MODEL: KNeighboursClassifier, Accuracy: 0.40
